// Jest Snapshot v1, https://goo.gl/fbAQLP

exports[`SignInForm snapshot renders 1`] = `
<button
  className="sc-bdVaJa iXBXEZ"
>
  Delete
</button>
`;
